[Test_26] - Rovar Evés - GombaFonal
-------------------------------------------------------------------------------

Kezdő állapot:
[Tektonok]
ID: t0
	rovarLatogatottsag: 0
	fonalFokszam: 1
	sporaListaSize: 0
	szomszedosTektonokSize: 1
	defendFonalak: 0
	gombatest: 1 - sporaszam: 0 - fonalszam: 0 - szint: 1 - szorasCount:0
	rovar: 0

ID: t1
	rovarLatogatottsag: 0
	fonalFokszam: 2
	sporaListaSize: 1
	szomszedosTektonokSize: 2
	defendFonalak: 0
	gombatest: 0
	rovar: 0

ID: t2
	rovarLatogatottsag: 0
	fonalFokszam: 1
	sporaListaSize: 0
	szomszedosTektonokSize: 1
	defendFonalak: 0
	gombatest: 0
	rovar: 1 - ID: 6


---------------------------------------------------------------------------------

Kimenet:

Success: Rovar movement completed.
Rovar: r0 → Target: t1
Managed by: rsz0

TesztGombasz: Sikeresen elfogyasztotta a 6. azonosítójú rovart.
------------------------------------------------------------------------------

Cél állapot
[Tektonok]
ID: t0
	rovarLatogatottsag: 0
	fonalFokszam: 1
	sporaListaSize: 0
	szomszedosTektonokSize: 1
	defendFonalak: 0
	gombatest: 1 - sporaszam: 0 - fonalszam: 0 - szint: 1 - szorasCount:0
	rovar: 0

ID: t1
	rovarLatogatottsag: 1
	fonalFokszam: 2
	sporaListaSize: 0
	szomszedosTektonokSize: 2
	defendFonalak: 0
	gombatest: 1 - sporaszam: 0 - fonalszam: 0 - szint: 1 - szorasCount:0
	rovar: 0

ID: t2
	rovarLatogatottsag: 1
	fonalFokszam: 1
	sporaListaSize: 0
	szomszedosTektonokSize: 1
	defendFonalak: 0
	gombatest: 0
	rovar: 0


---------------------------------------------------------------------------------
[Test_21] - Teszt vége
