[Test_24] - Tekton Hatás - Fonal Defender Hatás
-------------------------------------------------------------------------------

Kezdő állapot:
[Tektonok]
ID: t0
	rovarLatogatottsag: 0
	fonalFokszam: 1
	sporaListaSize: 0
	szomszedosTektonokSize: 1
	defendFonalak: 0
	gombatest: 1 - sporaszam: 0 - fonalszam: 0 - szint: 1 - szorasCount:0
	rovar: 0

ID: t1
	rovarLatogatottsag: 0
	fonalFokszam: 2
	sporaListaSize: 0
	szomszedosTektonokSize: 2
	defendFonalak: 0
	gombatest: 0
	rovar: 1 - ID: 7

ID: t2
	rovarLatogatottsag: 0
	fonalFokszam: 2
	sporaListaSize: 0
	szomszedosTektonokSize: 2
	defendFonalak: 1
	gombatest: 0
	rovar: 0

ID: t3
	rovarLatogatottsag: 0
	fonalFokszam: 2
	sporaListaSize: 0
	szomszedosTektonokSize: 2
	defendFonalak: 0
	gombatest: 0
	rovar: 0

ID: t4
	rovarLatogatottsag: 0
	fonalFokszam: 1
	sporaListaSize: 0
	szomszedosTektonokSize: 1
	defendFonalak: 0
	gombatest: 0
	rovar: 0


---------------------------------------------------------------------------------

Kimenet:

TesztRovarasz: Sikertelen fonalvágás.
------------------------------------------------------------------------------

Cél állapot
[Tektonok]
ID: t0
	rovarLatogatottsag: 0
	fonalFokszam: 1
	sporaListaSize: 0
	szomszedosTektonokSize: 1
	defendFonalak: 0
	gombatest: 1 - sporaszam: 0 - fonalszam: 0 - szint: 1 - szorasCount:0
	rovar: 0

ID: t1
	rovarLatogatottsag: 0
	fonalFokszam: 2
	sporaListaSize: 0
	szomszedosTektonokSize: 2
	defendFonalak: 0
	gombatest: 0
	rovar: 1 - ID: 7

ID: t2
	rovarLatogatottsag: 0
	fonalFokszam: 2
	sporaListaSize: 0
	szomszedosTektonokSize: 2
	defendFonalak: 1
	gombatest: 0
	rovar: 0

ID: t3
	rovarLatogatottsag: 0
	fonalFokszam: 2
	sporaListaSize: 0
	szomszedosTektonokSize: 2
	defendFonalak: 0
	gombatest: 0
	rovar: 0

ID: t4
	rovarLatogatottsag: 0
	fonalFokszam: 1
	sporaListaSize: 0
	szomszedosTektonokSize: 1
	defendFonalak: 0
	gombatest: 0
	rovar: 0


---------------------------------------------------------------------------------
[Test_24] - Teszt vége
