[Test_01] - Tekton kettétörés
-------------------------------------------------------------------------------

Kezdő állapot:
[Tektonok]
ID: t0
	rovarLatogatottsag: 9
	fonalFokszam: 1
	sporaListaSize: 0
	szomszedosTektonokSize: 1
	defendFonalak: 0
	gombatest: 1 - sporaszam: 0 - fonalszam: 0 - szint: 1 - szorasCount:0
	rovar: 1 - ID: 5

ID: t1
	rovarLatogatottsag: 0
	fonalFokszam: 1
	sporaListaSize: 0
	szomszedosTektonokSize: 1
	defendFonalak: 0
	gombatest: 0
	rovar: 0


---------------------------------------------------------------------------------

Kimenet:

Success: Rovar movement completed.
Rovar: 0 → Target: 1
Managed by: rsz0

Success: Tekton kettétörés
Tekton: 1
------------------------------------------------------------------------------

Cél állapot
[Tektonok]
ID: t0
	rovarLatogatottsag: 0
	fonalFokszam: 0
	sporaListaSize: 0
	szomszedosTektonokSize: 2
	defendFonalak: 0
	gombatest: 0
	rovar: 1 - ID: 5

ID: t1
	rovarLatogatottsag: 0
	fonalFokszam: 0
	sporaListaSize: 0
	szomszedosTektonokSize: 2
	defendFonalak: 0
	gombatest: 0
	rovar: 0

ID: t2
	rovarLatogatottsag: 0
	fonalFokszam: 0
	sporaListaSize: 0
	szomszedosTektonokSize: 2
	defendFonalak: 0
	gombatest: 0
	rovar: 0


---------------------------------------------------------------------------------
[Test_01] - Teszt vége
