[Test_05] - Spóra szórása - Céltektonon Gombatest van
-------------------------------------------------------------------------------

Kezdő állapot:
[Tektonok]
ID: t0
	rovarLatogatottsag: 0
	fonalFokszam: 0
	sporaListaSize: 0
	szomszedosTektonokSize: 1
	defendFonalak: 0
	gombatest: 1 - sporaszam: 3 - fonalszam: 0 - szint: 1 - szorasCount:0
	rovar: 0

ID: t1
	rovarLatogatottsag: 0
	fonalFokszam: 0
	sporaListaSize: 0
	szomszedosTektonokSize: 1
	defendFonalak: 0
	gombatest: 1 - sporaszam: 0 - fonalszam: 0 - szint: 1 - szorasCount:0
	rovar: 0


---------------------------------------------------------------------------------

Kimenet:

Success: Spore spreading completed.
Target: t1
Spore Source: gsz0

------------------------------------------------------------------------------

Cél állapot
[Tektonok]
ID: t0
	rovarLatogatottsag: 0
	fonalFokszam: 0
	sporaListaSize: 0
	szomszedosTektonokSize: 1
	defendFonalak: 0
	gombatest: 1 - sporaszam: 0 - fonalszam: 0 - szint: 1 - szorasCount:1
	rovar: 0

ID: t1
	rovarLatogatottsag: 0
	fonalFokszam: 0
	sporaListaSize: 0
	szomszedosTektonokSize: 1
	defendFonalak: 0
	gombatest: 1 - sporaszam: 1 - fonalszam: 0 - szint: 1 - szorasCount:0
	rovar: 0


---------------------------------------------------------------------------------
[Test_05] - Teszt vége
